
> react-kavia@0.1.0 start
> cross-env EDIT_MODE=true webpack serve --config .ve/webpack.config.js --mode development

<i> [webpack-dev-server] Project is running at:
<i> [webpack-dev-server] Loopback: http://localhost:3000/, http://[::1]:3000/
<i> [webpack-dev-server] On Your Network (IPv4): http://172.17.0.2:3000/
<i> [webpack-dev-server] Content not from webpack is served from './public' directory
Injecting EditorRootWrapper import: ../.ve/EditorRootWrapper
asset bundle.js 1.76 MiB [emitted] (name: main)
asset index.html 1.98 KiB [emitted]
runtime modules 28.7 KiB 15 modules
modules by path ./node_modules/ 1.54 MiB 34 modules
modules by path ./src/ 38.9 KiB
  modules by path ./src/*.js 35.5 KiB 4 modules
  modules by path ./src/*.css 3.39 KiB
    ./src/index.css 2.23 KiB [built] [code generated]
    ./node_modules/css-loader/dist/cjs.js!./src/index.css 1.17 KiB [built] [code generated]
modules by path ./.ve/ 15.1 KiB
  modules by path ./.ve/*.js 10.6 KiB 2 modules
  modules by path ./.ve/*.css 2.93 KiB
    ./.ve/EditorOverlay.css 2.25 KiB [built] [code generated]
    ./node_modules/css-loader/dist/cjs.js!./.ve/EditorOverlay.css 697 bytes [built] [code generated]
  ./.ve/EditorOverlay.jsx 1.58 KiB [built] [code generated]
webpack 5.99.9 compiled successfully in 1511 ms
assets by status 1.98 KiB [cached] 1 asset
assets by path *.js 1.81 MiB
  asset bundle.js 1.78 MiB [emitted] (name: main)
  asset main.13b36a2549b091b2410e.hot-update.js 38.5 KiB [emitted] [immutable] [hmr] (name: main)
asset main.13b36a2549b091b2410e.hot-update.json 28 bytes [emitted] [immutable] [hmr]
Entrypoint main 1.81 MiB = bundle.js 1.78 MiB main.13b36a2549b091b2410e.hot-update.js 38.5 KiB
cached modules 1.58 MiB [cached] 44 modules
runtime modules 28.7 KiB 15 modules
javascript modules 27.4 KiB
  ./src/App.js 12.5 KiB [built] [code generated]
  ./src/HairRoutinePlanner.js 14.9 KiB [built] [code generated]
webpack 5.99.9 compiled successfully in 239 ms
assets by status 1.98 KiB [cached] 1 asset
assets by path *.js 1.78 MiB
  asset bundle.js 1.78 MiB [emitted] (name: main)
  asset main.d0e520c575b933bbbffa.hot-update.js 3.77 KiB [emitted] [immutable] [hmr] (name: main)
asset main.d0e520c575b933bbbffa.hot-update.json 28 bytes [emitted] [immutable] [hmr]
Entrypoint main 1.78 MiB = bundle.js 1.78 MiB main.d0e520c575b933bbbffa.hot-update.js 3.77 KiB
cached modules 1.61 MiB [cached] 45 modules
runtime modules 28.7 KiB 15 modules
./node_modules/css-loader/dist/cjs.js!./src/index.css 1.36 KiB [built] [code generated]
webpack 5.99.9 compiled successfully in 58 ms
assets by status 1.98 KiB [cached] 1 asset
assets by path *.js 1.39 MiB
  asset bundle.js 1.38 MiB [emitted] (name: main)
  asset main.2583c4a99f67155c99e3.hot-update.js 6.32 KiB [emitted] [immutable] [hmr] (name: main)
asset main.2583c4a99f67155c99e3.hot-update.json 251 bytes [emitted] [immutable] [hmr]
Entrypoint main 1.39 MiB = bundle.js 1.38 MiB main.2583c4a99f67155c99e3.hot-update.js 6.32 KiB
cached modules 1.26 MiB [cached] 38 modules
runtime modules 27.5 KiB 14 modules
javascript modules 569 bytes
  ./src/index.js 530 bytes [code generated]
  ./src/App.js 39 bytes [built] [code generated] [1 error]

ERROR in ./src/App.js
Module build failed (from ./node_modules/babel-loader/lib/index.js):
SyntaxError: /home/kavia/workspace/code-generation/hairfit-pro-64336-7c7f5902/hairfit_pro_frontend/src/App.js: Identifier 'HairRoutinePlanner' has already been declared. (39:7)

  37 | import HairRoutinePlanner from "./HairRoutinePlanner";
  38 |
> 39 | import HairRoutinePlanner from "./HairRoutinePlanner";
     |        ^
  40 |
  41 | function Routine() {
  42 |   // PUBLIC_INTERFACE
    at constructor (/home/kavia/workspace/code-generation/hairfit-pro-64336-7c7f5902/hairfit_pro_frontend/node_modules/@babel/parser/lib/index.js:363:19)
    at JSXParserMixin.raise (/home/kavia/workspace/code-generation/hairfit-pro-64336-7c7f5902/hairfit_pro_frontend/node_modules/@babel/parser/lib/index.js:6609:19)
    at ScopeHandler.checkRedeclarationInScope (/home/kavia/workspace/code-generation/hairfit-pro-64336-7c7f5902/hairfit_pro_frontend/node_modules/@babel/parser/lib/index.js:1626:19)
    at ScopeHandler.declareName (/home/kavia/workspace/code-generation/hairfit-pro-64336-7c7f5902/hairfit_pro_frontend/node_modules/@babel/parser/lib/index.js:1592:12)
    at JSXParserMixin.declareNameFromIdentifier (/home/kavia/workspace/code-generation/hairfit-pro-64336-7c7f5902/hairfit_pro_frontend/node_modules/@babel/parser/lib/index.js:7538:16)
    at JSXParserMixin.checkIdentifier (/home/kavia/workspace/code-generation/hairfit-pro-64336-7c7f5902/hairfit_pro_frontend/node_modules/@babel/parser/lib/index.js:7534:12)
    at JSXParserMixin.checkLVal (/home/kavia/workspace/code-generation/hairfit-pro-64336-7c7f5902/hairfit_pro_frontend/node_modules/@babel/parser/lib/index.js:7475:12)
    at JSXParserMixin.finishImportSpecifier (/home/kavia/workspace/code-generation/hairfit-pro-64336-7c7f5902/hairfit_pro_frontend/node_modules/@babel/parser/lib/index.js:14184:10)
    at JSXParserMixin.parseImportSpecifierLocal (/home/kavia/workspace/code-generation/hairfit-pro-64336-7c7f5902/hairfit_pro_frontend/node_modules/@babel/parser/lib/index.js:14181:31)
    at JSXParserMixin.maybeParseDefaultImportSpecifier (/home/kavia/workspace/code-generation/hairfit-pro-64336-7c7f5902/hairfit_pro_frontend/node_modules/@babel/parser/lib/index.js:14288:12)
    at JSXParserMixin.parseImportSpecifiersAndAfter (/home/kavia/workspace/code-generation/hairfit-pro-64336-7c7f5902/hairfit_pro_frontend/node_modules/@babel/parser/lib/index.js:14157:29)
    at JSXParserMixin.parseImport (/home/kavia/workspace/code-generation/hairfit-pro-64336-7c7f5902/hairfit_pro_frontend/node_modules/@babel/parser/lib/index.js:14153:17)
    at JSXParserMixin.parseStatementContent (/home/kavia/workspace/code-generation/hairfit-pro-64336-7c7f5902/hairfit_pro_frontend/node_modules/@babel/parser/lib/index.js:12795:27)
    at JSXParserMixin.parseStatementLike (/home/kavia/workspace/code-generation/hairfit-pro-64336-7c7f5902/hairfit_pro_frontend/node_modules/@babel/parser/lib/index.js:12685:17)
    at JSXParserMixin.parseModuleItem (/home/kavia/workspace/code-generation/hairfit-pro-64336-7c7f5902/hairfit_pro_frontend/node_modules/@babel/parser/lib/index.js:12662:17)
    at JSXParserMixin.parseBlockOrModuleBlockBody (/home/kavia/workspace/code-generation/hairfit-pro-64336-7c7f5902/hairfit_pro_frontend/node_modules/@babel/parser/lib/index.js:13235:36)
    at JSXParserMixin.parseBlockBody (/home/kavia/workspace/code-generation/hairfit-pro-64336-7c7f5902/hairfit_pro_frontend/node_modules/@babel/parser/lib/index.js:13228:10)
    at JSXParserMixin.parseProgram (/home/kavia/workspace/code-generation/hairfit-pro-64336-7c7f5902/hairfit_pro_frontend/node_modules/@babel/parser/lib/index.js:12541:10)
    at JSXParserMixin.parseTopLevel (/home/kavia/workspace/code-generation/hairfit-pro-64336-7c7f5902/hairfit_pro_frontend/node_modules/@babel/parser/lib/index.js:12531:25)
    at JSXParserMixin.parse (/home/kavia/workspace/code-generation/hairfit-pro-64336-7c7f5902/hairfit_pro_frontend/node_modules/@babel/parser/lib/index.js:14410:10)
    at parse (/home/kavia/workspace/code-generation/hairfit-pro-64336-7c7f5902/hairfit_pro_frontend/node_modules/@babel/parser/lib/index.js:14444:38)
    at parser (/home/kavia/workspace/code-generation/hairfit-pro-64336-7c7f5902/hairfit_pro_frontend/node_modules/@babel/core/lib/parser/index.js:41:34)
    at parser.next (<anonymous>)
    at normalizeFile (/home/kavia/workspace/code-generation/hairfit-pro-64336-7c7f5902/hairfit_pro_frontend/node_modules/@babel/core/lib/transformation/normalize-file.js:64:37)
    at normalizeFile.next (<anonymous>)
    at run (/home/kavia/workspace/code-generation/hairfit-pro-64336-7c7f5902/hairfit_pro_frontend/node_modules/@babel/core/lib/transformation/index.js:22:50)
    at run.next (<anonymous>)
    at transform (/home/kavia/workspace/code-generation/hairfit-pro-64336-7c7f5902/hairfit_pro_frontend/node_modules/@babel/core/lib/transform.js:22:33)
    at transform.next (<anonymous>)
    at step (/home/kavia/workspace/code-generation/hairfit-pro-64336-7c7f5902/hairfit_pro_frontend/node_modules/gensync/index.js:261:32)
    at /home/kavia/workspace/code-generation/hairfit-pro-64336-7c7f5902/hairfit_pro_frontend/node_modules/gensync/index.js:273:13
    at async.call.result.err.err (/home/kavia/workspace/code-generation/hairfit-pro-64336-7c7f5902/hairfit_pro_frontend/node_modules/gensync/index.js:223:11)
 @ ./src/index.js 5:0-24 11:32-35

webpack 5.99.9 compiled with 1 error in 54 ms
assets by status 1.98 KiB [cached] 1 asset
assets by path *.js 1.38 MiB
  asset bundle.js 1.38 MiB [emitted] (name: main)
  asset main.107f0a061dd7d6ab1e60.hot-update.js 854 bytes [emitted] [immutable] [hmr] (name: main)
asset main.107f0a061dd7d6ab1e60.hot-update.json 28 bytes [emitted] [immutable] [hmr]
Entrypoint main 1.38 MiB = bundle.js 1.38 MiB main.107f0a061dd7d6ab1e60.hot-update.js 854 bytes
cached modules 1.26 MiB [cached] 39 modules
runtime modules 27.5 KiB 14 modules
./src/App.js 39 bytes [built] [1 error]

ERROR in ./src/App.js
Module build failed (from ./node_modules/babel-loader/lib/index.js):
SyntaxError: /home/kavia/workspace/code-generation/hairfit-pro-64336-7c7f5902/hairfit_pro_frontend/src/App.js: Identifier 'HairRoutinePlanner' has already been declared. (31:7)

  29 | import HairRoutinePlanner from "./HairRoutinePlanner";
  30 |
> 31 | import HairRoutinePlanner from "./HairRoutinePlanner";
     |        ^
  32 |
  33 | function Routine() {
  34 |   // PUBLIC_INTERFACE
    at constructor (/home/kavia/workspace/code-generation/hairfit-pro-64336-7c7f5902/hairfit_pro_frontend/node_modules/@babel/parser/lib/index.js:363:19)
    at JSXParserMixin.raise (/home/kavia/workspace/code-generation/hairfit-pro-64336-7c7f5902/hairfit_pro_frontend/node_modules/@babel/parser/lib/index.js:6609:19)
    at ScopeHandler.checkRedeclarationInScope (/home/kavia/workspace/code-generation/hairfit-pro-64336-7c7f5902/hairfit_pro_frontend/node_modules/@babel/parser/lib/index.js:1626:19)
    at ScopeHandler.declareName (/home/kavia/workspace/code-generation/hairfit-pro-64336-7c7f5902/hairfit_pro_frontend/node_modules/@babel/parser/lib/index.js:1592:12)
    at JSXParserMixin.declareNameFromIdentifier (/home/kavia/workspace/code-generation/hairfit-pro-64336-7c7f5902/hairfit_pro_frontend/node_modules/@babel/parser/lib/index.js:7538:16)
    at JSXParserMixin.checkIdentifier (/home/kavia/workspace/code-generation/hairfit-pro-64336-7c7f5902/hairfit_pro_frontend/node_modules/@babel/parser/lib/index.js:7534:12)
    at JSXParserMixin.checkLVal (/home/kavia/workspace/code-generation/hairfit-pro-64336-7c7f5902/hairfit_pro_frontend/node_modules/@babel/parser/lib/index.js:7475:12)
    at JSXParserMixin.finishImportSpecifier (/home/kavia/workspace/code-generation/hairfit-pro-64336-7c7f5902/hairfit_pro_frontend/node_modules/@babel/parser/lib/index.js:14184:10)
    at JSXParserMixin.parseImportSpecifierLocal (/home/kavia/workspace/code-generation/hairfit-pro-64336-7c7f5902/hairfit_pro_frontend/node_modules/@babel/parser/lib/index.js:14181:31)
    at JSXParserMixin.maybeParseDefaultImportSpecifier (/home/kavia/workspace/code-generation/hairfit-pro-64336-7c7f5902/hairfit_pro_frontend/node_modules/@babel/parser/lib/index.js:14288:12)
    at JSXParserMixin.parseImportSpecifiersAndAfter (/home/kavia/workspace/code-generation/hairfit-pro-64336-7c7f5902/hairfit_pro_frontend/node_modules/@babel/parser/lib/index.js:14157:29)
    at JSXParserMixin.parseImport (/home/kavia/workspace/code-generation/hairfit-pro-64336-7c7f5902/hairfit_pro_frontend/node_modules/@babel/parser/lib/index.js:14153:17)
    at JSXParserMixin.parseStatementContent (/home/kavia/workspace/code-generation/hairfit-pro-64336-7c7f5902/hairfit_pro_frontend/node_modules/@babel/parser/lib/index.js:12795:27)
    at JSXParserMixin.parseStatementLike (/home/kavia/workspace/code-generation/hairfit-pro-64336-7c7f5902/hairfit_pro_frontend/node_modules/@babel/parser/lib/index.js:12685:17)
    at JSXParserMixin.parseModuleItem (/home/kavia/workspace/code-generation/hairfit-pro-64336-7c7f5902/hairfit_pro_frontend/node_modules/@babel/parser/lib/index.js:12662:17)
    at JSXParserMixin.parseBlockOrModuleBlockBody (/home/kavia/workspace/code-generation/hairfit-pro-64336-7c7f5902/hairfit_pro_frontend/node_modules/@babel/parser/lib/index.js:13235:36)
    at JSXParserMixin.parseBlockBody (/home/kavia/workspace/code-generation/hairfit-pro-64336-7c7f5902/hairfit_pro_frontend/node_modules/@babel/parser/lib/index.js:13228:10)
    at JSXParserMixin.parseProgram (/home/kavia/workspace/code-generation/hairfit-pro-64336-7c7f5902/hairfit_pro_frontend/node_modules/@babel/parser/lib/index.js:12541:10)
    at JSXParserMixin.parseTopLevel (/home/kavia/workspace/code-generation/hairfit-pro-64336-7c7f5902/hairfit_pro_frontend/node_modules/@babel/parser/lib/index.js:12531:25)
    at JSXParserMixin.parse (/home/kavia/workspace/code-generation/hairfit-pro-64336-7c7f5902/hairfit_pro_frontend/node_modules/@babel/parser/lib/index.js:14410:10)
    at parse (/home/kavia/workspace/code-generation/hairfit-pro-64336-7c7f5902/hairfit_pro_frontend/node_modules/@babel/parser/lib/index.js:14444:38)
    at parser (/home/kavia/workspace/code-generation/hairfit-pro-64336-7c7f5902/hairfit_pro_frontend/node_modules/@babel/core/lib/parser/index.js:41:34)
    at parser.next (<anonymous>)
    at normalizeFile (/home/kavia/workspace/code-generation/hairfit-pro-64336-7c7f5902/hairfit_pro_frontend/node_modules/@babel/core/lib/transformation/normalize-file.js:64:37)
    at normalizeFile.next (<anonymous>)
    at run (/home/kavia/workspace/code-generation/hairfit-pro-64336-7c7f5902/hairfit_pro_frontend/node_modules/@babel/core/lib/transformation/index.js:22:50)
    at run.next (<anonymous>)
    at transform (/home/kavia/workspace/code-generation/hairfit-pro-64336-7c7f5902/hairfit_pro_frontend/node_modules/@babel/core/lib/transform.js:22:33)
    at transform.next (<anonymous>)
    at step (/home/kavia/workspace/code-generation/hairfit-pro-64336-7c7f5902/hairfit_pro_frontend/node_modules/gensync/index.js:261:32)
    at /home/kavia/workspace/code-generation/hairfit-pro-64336-7c7f5902/hairfit_pro_frontend/node_modules/gensync/index.js:273:13
    at async.call.result.err.err (/home/kavia/workspace/code-generation/hairfit-pro-64336-7c7f5902/hairfit_pro_frontend/node_modules/gensync/index.js:223:11)
 @ ./src/index.js 5:0-24 11:32-35

webpack 5.99.9 compiled with 1 error in 30 ms
assets by status 1.38 MiB [cached] 2 assets
cached modules 1.26 MiB (javascript) 27.5 KiB (runtime) [cached] 53 modules
./src/App.js 39 bytes [built] [1 error]

ERROR in ./src/App.js
Module build failed (from ./node_modules/babel-loader/lib/index.js):
SyntaxError: /home/kavia/workspace/code-generation/hairfit-pro-64336-7c7f5902/hairfit_pro_frontend/src/App.js: Identifier 'HairRoutinePlanner' has already been declared. (31:7)

  29 | import HairRoutinePlanner from "./HairRoutinePlanner";
  30 |
> 31 | import HairRoutinePlanner from "./HairRoutinePlanner";
     |        ^
  32 |
  33 | function Routine() {
  34 |   // PUBLIC_INTERFACE
    at constructor (/home/kavia/workspace/code-generation/hairfit-pro-64336-7c7f5902/hairfit_pro_frontend/node_modules/@babel/parser/lib/index.js:363:19)
    at JSXParserMixin.raise (/home/kavia/workspace/code-generation/hairfit-pro-64336-7c7f5902/hairfit_pro_frontend/node_modules/@babel/parser/lib/index.js:6609:19)
    at ScopeHandler.checkRedeclarationInScope (/home/kavia/workspace/code-generation/hairfit-pro-64336-7c7f5902/hairfit_pro_frontend/node_modules/@babel/parser/lib/index.js:1626:19)
    at ScopeHandler.declareName (/home/kavia/workspace/code-generation/hairfit-pro-64336-7c7f5902/hairfit_pro_frontend/node_modules/@babel/parser/lib/index.js:1592:12)
    at JSXParserMixin.declareNameFromIdentifier (/home/kavia/workspace/code-generation/hairfit-pro-64336-7c7f5902/hairfit_pro_frontend/node_modules/@babel/parser/lib/index.js:7538:16)
    at JSXParserMixin.checkIdentifier (/home/kavia/workspace/code-generation/hairfit-pro-64336-7c7f5902/hairfit_pro_frontend/node_modules/@babel/parser/lib/index.js:7534:12)
    at JSXParserMixin.checkLVal (/home/kavia/workspace/code-generation/hairfit-pro-64336-7c7f5902/hairfit_pro_frontend/node_modules/@babel/parser/lib/index.js:7475:12)
    at JSXParserMixin.finishImportSpecifier (/home/kavia/workspace/code-generation/hairfit-pro-64336-7c7f5902/hairfit_pro_frontend/node_modules/@babel/parser/lib/index.js:14184:10)
    at JSXParserMixin.parseImportSpecifierLocal (/home/kavia/workspace/code-generation/hairfit-pro-64336-7c7f5902/hairfit_pro_frontend/node_modules/@babel/parser/lib/index.js:14181:31)
    at JSXParserMixin.maybeParseDefaultImportSpecifier (/home/kavia/workspace/code-generation/hairfit-pro-64336-7c7f5902/hairfit_pro_frontend/node_modules/@babel/parser/lib/index.js:14288:12)
    at JSXParserMixin.parseImportSpecifiersAndAfter (/home/kavia/workspace/code-generation/hairfit-pro-64336-7c7f5902/hairfit_pro_frontend/node_modules/@babel/parser/lib/index.js:14157:29)
    at JSXParserMixin.parseImport (/home/kavia/workspace/code-generation/hairfit-pro-64336-7c7f5902/hairfit_pro_frontend/node_modules/@babel/parser/lib/index.js:14153:17)
    at JSXParserMixin.parseStatementContent (/home/kavia/workspace/code-generation/hairfit-pro-64336-7c7f5902/hairfit_pro_frontend/node_modules/@babel/parser/lib/index.js:12795:27)
    at JSXParserMixin.parseStatementLike (/home/kavia/workspace/code-generation/hairfit-pro-64336-7c7f5902/hairfit_pro_frontend/node_modules/@babel/parser/lib/index.js:12685:17)
    at JSXParserMixin.parseModuleItem (/home/kavia/workspace/code-generation/hairfit-pro-64336-7c7f5902/hairfit_pro_frontend/node_modules/@babel/parser/lib/index.js:12662:17)
    at JSXParserMixin.parseBlockOrModuleBlockBody (/home/kavia/workspace/code-generation/hairfit-pro-64336-7c7f5902/hairfit_pro_frontend/node_modules/@babel/parser/lib/index.js:13235:36)
    at JSXParserMixin.parseBlockBody (/home/kavia/workspace/code-generation/hairfit-pro-64336-7c7f5902/hairfit_pro_frontend/node_modules/@babel/parser/lib/index.js:13228:10)
    at JSXParserMixin.parseProgram (/home/kavia/workspace/code-generation/hairfit-pro-64336-7c7f5902/hairfit_pro_frontend/node_modules/@babel/parser/lib/index.js:12541:10)
    at JSXParserMixin.parseTopLevel (/home/kavia/workspace/code-generation/hairfit-pro-64336-7c7f5902/hairfit_pro_frontend/node_modules/@babel/parser/lib/index.js:12531:25)
    at JSXParserMixin.parse (/home/kavia/workspace/code-generation/hairfit-pro-64336-7c7f5902/hairfit_pro_frontend/node_modules/@babel/parser/lib/index.js:14410:10)
    at parse (/home/kavia/workspace/code-generation/hairfit-pro-64336-7c7f5902/hairfit_pro_frontend/node_modules/@babel/parser/lib/index.js:14444:38)
    at parser (/home/kavia/workspace/code-generation/hairfit-pro-64336-7c7f5902/hairfit_pro_frontend/node_modules/@babel/core/lib/parser/index.js:41:34)
    at parser.next (<anonymous>)
    at normalizeFile (/home/kavia/workspace/code-generation/hairfit-pro-64336-7c7f5902/hairfit_pro_frontend/node_modules/@babel/core/lib/transformation/normalize-file.js:64:37)
    at normalizeFile.next (<anonymous>)
    at run (/home/kavia/workspace/code-generation/hairfit-pro-64336-7c7f5902/hairfit_pro_frontend/node_modules/@babel/core/lib/transformation/index.js:22:50)
    at run.next (<anonymous>)
    at transform (/home/kavia/workspace/code-generation/hairfit-pro-64336-7c7f5902/hairfit_pro_frontend/node_modules/@babel/core/lib/transform.js:22:33)
    at transform.next (<anonymous>)
    at step (/home/kavia/workspace/code-generation/hairfit-pro-64336-7c7f5902/hairfit_pro_frontend/node_modules/gensync/index.js:261:32)
    at /home/kavia/workspace/code-generation/hairfit-pro-64336-7c7f5902/hairfit_pro_frontend/node_modules/gensync/index.js:273:13
    at async.call.result.err.err (/home/kavia/workspace/code-generation/hairfit-pro-64336-7c7f5902/hairfit_pro_frontend/node_modules/gensync/index.js:223:11)
 @ ./src/index.js 5:0-24 11:32-35

webpack 5.99.9 compiled with 1 error in 22 ms
